<?xml version="1.0"?>
<data>
<antwoord lijst="Beroepenavond 2017" id="33"><vraag vraagnummer="48"><score>4</score></vraag><vraag vraagnummer="49"><score>5</score></vraag><vraag vraagnummer="50"><score>5</score></vraag><vraag vraagnummer="54"><score>3</score></vraag><Opmerkingen/></antwoord><antwoord lijst="Beroepenavond 2017" id="34"><vraag vraagnummer="48"><score>5</score></vraag><vraag vraagnummer="49"><score>5</score></vraag><vraag vraagnummer="50"><score>5</score></vraag><vraag vraagnummer="54"><score>5</score></vraag><Opmerkingen/></antwoord><antwoord lijst="Beroepenavond 2017" id="35"><vraag vraagnummer="48"><score>3</score></vraag><vraag vraagnummer="49"><score>2</score></vraag><vraag vraagnummer="50"><score>4</score></vraag><vraag vraagnummer="54"><score>3</score></vraag><Opmerkingen/></antwoord><antwoord lijst="Beroepenavond 2017" id="36"><vraag vraagnummer="48"><score>2</score></vraag><vraag vraagnummer="49"><score>1</score></vraag><vraag vraagnummer="50"><score>3</score></vraag><vraag vraagnummer="54"><score>4</score></vraag><Opmerkingen/></antwoord><antwoord lijst="Beroepenavond 2017" id="37"><vraag vraagnummer="48"><score>3</score></vraag><vraag vraagnummer="49"><score>3</score></vraag><vraag vraagnummer="50"><score>4</score></vraag><vraag vraagnummer="54"><score>2</score></vraag><Opmerkingen/></antwoord><antwoord lijst="Beroepenavond 2017" id="38"><vraag vraagnummer="48"><score>4</score></vraag><vraag vraagnummer="49"><score>4</score></vraag><vraag vraagnummer="50"><score>4</score></vraag><vraag vraagnummer="54"><score>4</score></vraag><Opmerkingen/></antwoord><antwoord lijst="Beroepenavond 2017" id="39"><vraag vraagnummer="48"><score>5</score></vraag><vraag vraagnummer="49"><score>5</score></vraag><vraag vraagnummer="50"><score>5</score></vraag><vraag vraagnummer="54"><score>4</score></vraag><Opmerkingen/></antwoord><antwoord lijst="Beroepenavond 2017" id="40"><vraag vraagnummer="48"><score>4</score></vraag><vraag vraagnummer="49"><score>3</score></vraag><vraag vraagnummer="50"><score>3</score></vraag><vraag vraagnummer="54"><score>2</score></vraag><Opmerkingen/></antwoord><antwoord lijst="Beroepenavond 2017" id="41"><vraag vraagnummer="48"><score>5</score></vraag><vraag vraagnummer="49"><score>3</score></vraag><vraag vraagnummer="50"><score>5</score></vraag><vraag vraagnummer="54"><score>5</score></vraag><Opmerkingen/></antwoord><antwoord lijst="Beroepenavond 2017" id="42"><vraag vraagnummer="48"><score>5</score></vraag><vraag vraagnummer="49"><score>4</score></vraag><vraag vraagnummer="50"><score>4</score></vraag><vraag vraagnummer="54"><score>5</score></vraag><Opmerkingen/></antwoord><antwoord lijst="Beroepenavond 2017" id="43"><vraag vraagnummer="48"><score>3</score></vraag><vraag vraagnummer="49"><score>3</score></vraag><vraag vraagnummer="50"><score>1</score></vraag><vraag vraagnummer="54"><score>1</score></vraag><Opmerkingen>Het was doelloos, wat ze vertelden tijdens de avond staat ookallemaal op de website van het bedrijf ofzo dus had geen nut.</Opmerkingen></antwoord><antwoord lijst="Beroepenavond 2017" id="44"><vraag vraagnummer="48"><score>1</score></vraag><vraag vraagnummer="49"><score>1</score></vraag><vraag vraagnummer="50"><score>1</score></vraag><vraag vraagnummer="54"><score>1</score></vraag><Opmerkingen>Was doelloos</Opmerkingen></antwoord><antwoord lijst="Beroepenavond 2017" id="45"><vraag vraagnummer="48"><score>4</score></vraag><vraag vraagnummer="49"><score>2</score></vraag><vraag vraagnummer="50"><score>3</score></vraag><vraag vraagnummer="54"><score>3</score></vraag><Opmerkingen/></antwoord><antwoord lijst="Beroepenavond 2017" id="46"><vraag vraagnummer="48"><score>2</score></vraag><vraag vraagnummer="49"><score>1</score></vraag><vraag vraagnummer="50"><score>2</score></vraag><vraag vraagnummer="54"><score>4</score></vraag><Opmerkingen/></antwoord><antwoord lijst="Beroepenavond 2017" id="47"><vraag vraagnummer="48"><score>2</score></vraag><vraag vraagnummer="49"><score>3</score></vraag><vraag vraagnummer="50"><score>1</score></vraag><vraag vraagnummer="54"><score>2</score></vraag><Opmerkingen/></antwoord><antwoord lijst="Beroepenavond 2017" id="48"><vraag vraagnummer="48"><score>5</score></vraag><vraag vraagnummer="49"><score>5</score></vraag><vraag vraagnummer="50"><score>3</score></vraag><vraag vraagnummer="54"><score>5</score></vraag><Opmerkingen/></antwoord><antwoord lijst="Beroepenavond 2017" id="49"><vraag vraagnummer="48"><score>4</score></vraag><vraag vraagnummer="49"><score>5</score></vraag><vraag vraagnummer="50"><score>3</score></vraag><vraag vraagnummer="54"><score>5</score></vraag><Opmerkingen/></antwoord><antwoord lijst="Beroepenavond 2017" id="50"><vraag vraagnummer="48"><score>1</score></vraag><vraag vraagnummer="49"><score>1</score></vraag><vraag vraagnummer="50"><score>1</score></vraag><vraag vraagnummer="54"><score>1</score></vraag><Opmerkingen>:(</Opmerkingen></antwoord><antwoord lijst="Beroepenavond 2017" id="51"><vraag vraagnummer="48"><score>1</score></vraag><vraag vraagnummer="49"><score>1</score></vraag><vraag vraagnummer="50"><score>1</score></vraag><vraag vraagnummer="54"><score>1</score></vraag><Opmerkingen>Suf</Opmerkingen></antwoord><antwoord lijst="Beroepenavond 2017" id="52"><vraag vraagnummer="48"><score>5</score></vraag><vraag vraagnummer="49"><score>4</score></vraag><vraag vraagnummer="50"><score>3</score></vraag><vraag vraagnummer="54"><score>3</score></vraag><Opmerkingen/></antwoord><antwoord lijst="Beroepenavond 2017" id="53"><vraag vraagnummer="48"><score>5</score></vraag><vraag vraagnummer="49"><score>3</score></vraag><vraag vraagnummer="50"><score>4</score></vraag><vraag vraagnummer="54"><score>4</score></vraag><Opmerkingen/></antwoord><antwoord lijst="Beroepenavond 2017" id="54"><vraag vraagnummer="48"><score>5</score></vraag><vraag vraagnummer="49"><score>4</score></vraag><vraag vraagnummer="50"><score>5</score></vraag><vraag vraagnummer="54"><score>5</score></vraag><Opmerkingen/></antwoord><antwoord lijst="Beroepenavond 2017" id="55"><vraag vraagnummer="48"><score>5</score></vraag><vraag vraagnummer="49"><score>4</score></vraag><vraag vraagnummer="50"><score>5</score></vraag><vraag vraagnummer="54"><score>2</score></vraag><Opmerkingen/></antwoord><antwoord lijst="Beroepenavond 2017" id="56"><vraag vraagnummer="48"><score>3</score></vraag><vraag vraagnummer="49"><score>3</score></vraag><vraag vraagnummer="50"><score>4</score></vraag><vraag vraagnummer="54"><score>2</score></vraag><Opmerkingen/></antwoord><antwoord lijst="Beroepenavond 2017" id="59"><vraag vraagnummer="48"><score>4</score></vraag><vraag vraagnummer="49"><score>3</score></vraag><vraag vraagnummer="50"><score>3</score></vraag><vraag vraagnummer="54"><score>3</score></vraag><Opmerkingen/></antwoord><antwoord lijst="Beroepenavond 2017" id="60"><vraag vraagnummer="48"><score>4</score></vraag><vraag vraagnummer="49"><score>4</score></vraag><vraag vraagnummer="50"><score>4</score></vraag><vraag vraagnummer="54"><score>5</score></vraag><Opmerkingen>We hadden 3 richtingen: psychologie, crimonologie en rechten.&#xD;
Presentatie Psychologie was matig, betreffende persoon presenteerde de indeling van haar werkdag, er werd niet zo diep op psychologie ingegaan, wel werd salarisindicatie van Euro 2650,- tot Euro 6000,- gegeven. Deze indicatie is nietszeggend. Criminologie niet meer gevolgd omdat psychologie ook niet is wat ik ervan verwachtte.  Rechten niet gevolgd omdat de Rechter Officier niet aanwezig was. </Opmerkingen></antwoord><antwoord lijst="Beroepenavond 2017" id="61"><vraag vraagnummer="48"><score>5</score></vraag><vraag vraagnummer="49"><score>3</score></vraag><vraag vraagnummer="50"><score>4</score></vraag><vraag vraagnummer="54"><score>5</score></vraag><Opmerkingen/></antwoord><antwoord lijst="Beroepenavond 2017" id="62"><vraag vraagnummer="48"><score>4</score></vraag><vraag vraagnummer="49"><score>5</score></vraag><vraag vraagnummer="50"><score>3</score></vraag><vraag vraagnummer="54"><score>4</score></vraag><Opmerkingen/></antwoord><antwoord lijst="Beroepenavond 2017" id="106"><vraag vraagnummer="48"><score>5</score></vraag><vraag vraagnummer="49"><score>3</score></vraag><vraag vraagnummer="50"><score>4</score></vraag><vraag vraagnummer="54"><score>3</score></vraag><Opmerkingen/></antwoord><antwoord lijst="Beroepenavond 2017" id="107"><vraag vraagnummer="48"><score>4</score></vraag><vraag vraagnummer="49"><score>2</score></vraag><vraag vraagnummer="50"><score>4</score></vraag><vraag vraagnummer="54"><score>4</score></vraag><Opmerkingen/></antwoord><antwoord lijst="Beroepenavond 2017" id="109"><vraag vraagnummer="48"><score>1</score></vraag><vraag vraagnummer="49"><score>1</score></vraag><vraag vraagnummer="50"><score>1</score></vraag><vraag vraagnummer="54"><score>1</score></vraag><Opmerkingen>Compleet nutteloze avond helaas.</Opmerkingen></antwoord></data>
